mode: set
shirushi/main.go:31.13,35.16 3 0
shirushi/main.go:35.16,37.3 1 0
shirushi/main.go:38.2,50.58 9 0
shirushi/main.go:50.58,52.3 1 0
shirushi/main.go:56.20,66.16 3 1
shirushi/main.go:66.16,68.3 1 0
shirushi/main.go:72.65,75.16 2 1
shirushi/main.go:75.16,78.3 2 0
shirushi/main.go:79.2,81.18 3 1
shirushi/main.go:81.18,84.90 2 1
shirushi/main.go:84.90,87.4 2 0
shirushi/main.go:88.3,88.35 1 1
shirushi/main.go:91.2,92.38 2 1
shirushi/main.go:96.67,104.16 3 0
shirushi/main.go:104.16,107.3 2 0
shirushi/main.go:110.2,111.59 2 0
shirushi/main.go:111.59,114.3 2 0
shirushi/main.go:115.2,115.17 1 0
shirushi/main.go:115.17,118.3 2 0
shirushi/main.go:121.2,123.16 3 0
shirushi/main.go:123.16,126.3 2 0
shirushi/main.go:130.2,131.23 2 0
shirushi/main.go:131.23,134.3 2 0
shirushi/main.go:137.2,139.30 3 0
shirushi/main.go:143.67,149.16 3 0
shirushi/main.go:149.16,152.3 2 0
shirushi/main.go:155.2,156.16 2 0
shirushi/main.go:156.16,159.3 2 0
shirushi/main.go:162.2,163.23 2 0
shirushi/main.go:163.23,166.3 2 0
shirushi/main.go:169.2,169.37 1 0
shirushi/main.go:173.67,176.59 2 0
shirushi/main.go:176.59,179.3 2 0
shirushi/main.go:181.2,181.17 1 0
shirushi/main.go:181.17,184.3 2 0
shirushi/main.go:186.2,188.16 3 0
shirushi/main.go:188.16,191.3 2 0
shirushi/main.go:193.2,200.30 6 0
